<!DOCTYPE html>
<html>
<head lang="en">
    <meta charset="UTF-8">
    <title>My Custom Template</title>

    <!-- Main -->
    <script src="../../test/fixtures/js/bar.js"></script>
<script src="../../test/fixtures/js/foo.js"></script>

</head>
<body>
    <p>Hello World!</p>
</body>
</html>