<!DOCTYPE html PUBLIC "-//W3C//DTD XHTML 1.0 Strict//EN" "http://www.w3.org/TR/xhtml1/DTD/xhtml1-strict.dtd">
<html xmlns="http://www.w3.org/1999/xhtml" lang="en">
<head>
    <meta http-equiv="Content-Type" content="text/html; charset=utf-8" />
    <title>Test Runner</title>

    <!-- Vendor -->
    <script src="https://cdnjs.cloudflare.com/ajax/libs/mocha/2.1.0/mocha.js"></script>
<link rel="stylesheet" href="https://cdnjs.cloudflare.com/ajax/libs/mocha/2.1.0/mocha.css" />

    <!-- Mocha setup -->
    <script type="text/javascript">
        chai.should();
        mocha.setup('bdd');

        // Fail on global failures
        window.onerror = function (msg, stack) {
            it("exploded!", function () { throw new Error(msg); });
        };

        // Start the suite.
        window.onload = function () {
            mocha.run();
        };
    </script>

    <!-- Main -->
    <script src="../../main.js"></script>
</head>
<body>
<div id="mocha"></div>
</body>
</html>