<!DOCTYPE html PUBLIC "-//W3C//DTD XHTML 1.0 Strict//EN" "http://www.w3.org/TR/xhtml1/DTD/xhtml1-strict.dtd">
<html xmlns="http://www.w3.org/1999/xhtml" lang="en">
<head>
    <meta http-equiv="Content-Type" content="text/html; charset=utf-8" />
    <title>Test Runner</title>

    <!-- Vendor -->
    <script src="http://code.jquery.com/qunit/qunit-1.17.1.js"></script>
<link rel="stylesheet" href="http://code.jquery.com/qunit/qunit-1.17.1.css" />

    <!-- Main -->
    <script src="../../main.js"></script>
</head>
<body>
    <div id="qunit"></div>
    <div id="qunit-fixture"></div>
</body>
</html>
